2026-07-17 17:43:38,713 INFO o.a.j.u.JMeterUtils: Setting Locale to en_EN
2026-07-17 17:43:38,772 INFO o.a.j.JMeter: Loading user properties from: /opt/homebrew/Cellar/jmeter/5.6.3/libexec/bin/user.properties
2026-07-17 17:43:38,775 INFO o.a.j.JMeter: Loading system properties from: /opt/homebrew/Cellar/jmeter/5.6.3/libexec/bin/system.properties
2026-07-17 17:43:38,778 INFO o.a.j.JMeter: Copyright (c) 1998-2024 The Apache Software Foundation
2026-07-17 17:43:38,778 INFO o.a.j.JMeter: Version 5.6.3
2026-07-17 17:43:38,778 INFO o.a.j.JMeter: java.version=21.0.7
2026-07-17 17:43:38,778 INFO o.a.j.JMeter: java.vm.name=OpenJDK 64-Bit Server VM
2026-07-17 17:43:38,778 INFO o.a.j.JMeter: os.name=Mac OS X
2026-07-17 17:43:38,778 INFO o.a.j.JMeter: os.arch=aarch64
2026-07-17 17:43:38,778 INFO o.a.j.JMeter: os.version=26.5.2
2026-07-17 17:43:38,778 INFO o.a.j.JMeter: file.encoding=UTF-8
2026-07-17 17:43:38,778 INFO o.a.j.JMeter: java.awt.headless=null
2026-07-17 17:43:38,778 INFO o.a.j.JMeter: Max memory     =1073741824
2026-07-17 17:43:38,778 INFO o.a.j.JMeter: Available Processors =10
2026-07-17 17:43:38,785 INFO o.a.j.JMeter: Default Locale=English (EN)
2026-07-17 17:43:38,785 INFO o.a.j.JMeter: JMeter  Locale=English (EN)
2026-07-17 17:43:38,785 INFO o.a.j.JMeter: JMeterHome=/opt/homebrew/Cellar/jmeter/5.6.3/libexec
2026-07-17 17:43:38,785 INFO o.a.j.JMeter: user.dir  =/Users/gordonmarsh/Documents/GitHub/fcp-dal-api-postdeployment-test
2026-07-17 17:43:38,785 INFO o.a.j.JMeter: PWD       =/Users/gordonmarsh/Documents/GitHub/fcp-dal-api-postdeployment-test
2026-07-17 17:43:38,797 INFO o.a.j.JMeter: IP: 192.168.50.179 Name: ip-192-168-50-179.eu-west-2.compute.internal FullName: ip-192-168-50-179.eu-west-2.compute.internal
2026-07-17 17:43:38,803 INFO o.a.j.JMeter: Loaded icon properties from org/apache/jmeter/images/icon.properties
2026-07-17 17:43:40,012 INFO o.a.j.JMeterGuiLauncher: Setting LAF to: com.github.weisj.darklaf.DarkLaf:com.github.weisj.darklaf.theme.DarculaTheme
2026-07-17 17:43:40,957 INFO o.a.j.r.ClassFinder: Will scan jar /opt/homebrew/Cellar/jmeter/5.6.3/libexec/lib/ext/jmeter-plugins-manager-1.9.jar with filter ExtendsClassFilter [parents=[interface org.apache.jmeter.gui.action.Command], inner=false, contains=null, notContains=null]. Consider exposing JMeter plugins via META-INF/services, and add JMeter-Skip-Class-Scanning=true manifest attribute so JMeter can skip classfile scanning
2026-07-17 17:43:41,022 INFO o.a.j.r.ClassFinder: Will scan jar /opt/homebrew/Cellar/jmeter/5.6.3/libexec/lib/ext/jmeter-plugins-manager-1.9.jar with filter ExtendsClassFilter [parents=[interface org.apache.jmeter.gui.plugin.MenuCreator], inner=false, contains=null, notContains=null]. Consider exposing JMeter plugins via META-INF/services, and add JMeter-Skip-Class-Scanning=true manifest attribute so JMeter can skip classfile scanning
2026-07-17 17:43:41,078 INFO o.j.r.JARSourceHTTP: Requesting https://jmeter-plugins.org/repo/?installID=mac_os_x-c7a60cab4dd7071f1b1e84a47089949a-gui
2026-07-17 17:43:42,385 INFO o.j.r.PluginManager: Plugins Status: [jpgc-plugins-manager=1.9, jmeter-core=5.6.3, jmeter-ftp=5.6.3, jmeter-http=5.6.3, jmeter-jdbc=5.6.3, jmeter-jms=5.6.3, jmeter-junit=5.6.3, jmeter-java=5.6.3, jmeter-ldap=5.6.3, jmeter-mail=5.6.3, jmeter-mongodb=5.6.3, jmeter-native=5.6.3, jmeter-tcp=5.6.3, jmeter-components=5.6.3]
2026-07-17 17:43:42,387 INFO o.j.r.PluginManagerMenuItem: Plugins Manager has upgrades: [jpgc-plugins-manager]
2026-07-17 17:43:47,653 INFO o.a.j.s.FileServer: Default base='/Users/gordonmarsh/Documents/GitHub/fcp-dal-api-postdeployment-test'
2026-07-17 17:43:47,654 INFO o.a.j.g.a.Load: Loading file: /Users/gordonmarsh/Documents/GitHub/fcp-dal-api-performance-test/scenarios/fcp-dal-api-perf-tests.jmx
2026-07-17 17:43:47,655 INFO o.a.j.s.FileServer: Set new base='/Users/gordonmarsh/Documents/GitHub/fcp-dal-api-performance-test/scenarios'
2026-07-17 17:43:47,748 INFO o.a.j.s.SaveService: Testplan (JMX) version: 2.2. Testlog (JTL) version: 2.2
2026-07-17 17:43:47,755 INFO o.a.j.s.SaveService: Using SaveService properties version 5.0
2026-07-17 17:43:47,755 INFO o.a.j.s.SaveService: Using SaveService properties file encoding UTF-8
2026-07-17 17:43:47,756 INFO o.a.j.s.SaveService: Loading file: /Users/gordonmarsh/Documents/GitHub/fcp-dal-api-performance-test/scenarios/fcp-dal-api-perf-tests.jmx
2026-07-17 17:43:47,828 INFO o.a.j.p.h.s.HTTPSamplerBase: Parser for text/html is org.apache.jmeter.protocol.http.parser.LagartoBasedHtmlParser
2026-07-17 17:43:47,828 INFO o.a.j.p.h.s.HTTPSamplerBase: Parser for application/xhtml+xml is org.apache.jmeter.protocol.http.parser.LagartoBasedHtmlParser
2026-07-17 17:43:47,828 INFO o.a.j.p.h.s.HTTPSamplerBase: Parser for application/xml is org.apache.jmeter.protocol.http.parser.LagartoBasedHtmlParser
2026-07-17 17:43:47,828 INFO o.a.j.p.h.s.HTTPSamplerBase: Parser for text/xml is org.apache.jmeter.protocol.http.parser.LagartoBasedHtmlParser
2026-07-17 17:43:47,828 INFO o.a.j.p.h.s.HTTPSamplerBase: Parser for text/vnd.wap.wml is org.apache.jmeter.protocol.http.parser.RegexpHTMLParser
2026-07-17 17:43:47,828 INFO o.a.j.p.h.s.HTTPSamplerBase: Parser for text/css is org.apache.jmeter.protocol.http.parser.CssParser
2026-07-17 17:43:48,233 INFO o.a.j.s.FileServer: Set new base='/Users/gordonmarsh/Documents/GitHub/fcp-dal-api-performance-test/scenarios'
